
Reading Spago workspace configuration...

✓ Selecting package to build: supabase

Downloading dependencies...
Building...
[1 of 1] Compiling CompileFailTests.RpcWrongParamType
[ERROR 1/1 UnknownName] src/_CompileFailTest.purs:15:29

  15    _ <- client # callRpcWith Schema.productsCheaperThan { max_price: "ten" } # run
                                  ^^^^^^^^^^^^^^^^^^^^^^^^^^

  Unknown value Schema.productsCheaperThan

           Src   Lib   All
Warnings     0     0     0
Errors       1     0     1

✘ Failed to build.
